// Jest Snapshot v1, https://goo.gl/fbAQLP

exports[`<App /> should render and match the snapshot 1`] = `
<ForwardRef>
  <HelmetWrapper
    defaultTitle="Marvel's Characters"
    defer={true}
    encodeSpecialCharacters={true}
    titleTemplate="%s - Marvel's Characters"
  >
    <meta
      content="A Marvel application"
      name="description"
    />
  </HelmetWrapper>
  <SwipeableTemporaryDrawer />
  <Header />
  <Switch>
    <Route
      component={[Function]}
      exact={true}
      path="/"
    />
    <Route
      component={[Function]}
      path="/search"
    />
    <Route
      component={[Function]}
      path="/about"
    />
    <Route
      component={[Function]}
      path="/contact"
    />
    <Route
      component={[Function]}
      path="/characterbyid/:id"
    />
    <Route
      component={[Function]}
      path=""
    />
  </Switch>
  <Footer />
  <GlobalStyleComponent />
</ForwardRef>
`;
