// Jest Snapshot v1, https://goo.gl/fbAQLP

exports[`<HomePage /> should render and match the snapshot 1`] = `
<article>
  <div>
    <section
      class="Section-sc-1eulrsm-0 CenteredSection-sc-6zy0wx-0 imGCbL"
    >
      <h1
        class="H1-tncdg6-0 hpAKSC"
        style="margin-bottom: 3em;"
      >
        <span>
          Marvel Univers ! Votre personnage Marvel préféré est forcément ici.
        </span>
      </h1>
      <h3>
        <span>
          Vous désirez en savoir plus sur un des personnages de l'univerrs Mavel et ses comics ? Vous êtes au bon endroit!
        </span>
      </h3>
      <p>
        <span>
          Clickez sur le bouton 'recherche' ou sur 'Recherchez un personage dans le menu de navigation, et entrez le début ou le nom complet du personnage Marvel désiré
        </span>
      </p>
    </section>
    <section
      class="Section-sc-1eulrsm-0 eTEsZl"
    >
      <h2
        class="H2-egphza-0 HsCXl"
      >
        <span>
          Try me!
        </span>
      </h2>
      <form
        class="Form-dmhz4x-0 ZClLh"
      >
        <label
          for="username"
        >
          <span>
            Show Github repositories by
          </span>
          <span
            class="AtPrefix-sc-1suuq8o-0 fvrDQr"
          >
            <span>
              @
            </span>
          </span>
          <input
            class="Input-sc-19rkjmi-0 gyJaEd"
            id="username"
            placeholder="mxstbr"
            type="text"
            value=""
          />
        </label>
      </form>
      <div
        class="Wrapper-sc-1umgotm-0 laCwDT"
      >
        <ul
          class="Ul-mwnq6h-0 jcxXFy"
        />
      </div>
    </section>
  </div>
</article>
`;
